\documentclass[a4paper]{article}
% generated by Docutils <https://docutils.sourceforge.io/>
\usepackage{cmap} % fix search and cut-and-paste in Acrobat
\usepackage{ifthen}
\usepackage[T1]{fontenc}

%%% Custom LaTeX preamble
% PDF Standard Fonts
\usepackage{mathptmx} % Times
\usepackage[scaled=.90]{helvet}
\usepackage{courier}

%%% User specified packages and stylesheets

%%% Fallback definitions for Docutils-specific commands

% custom inline roles: \DUrole{#1}{#2} tries \DUrole#1{#2}
\providecommand*{\DUrole}[2]{%
  \ifcsname DUrole#1\endcsname%
    \csname DUrole#1\endcsname{#2}%
  \else%
    #2%
  \fi%
}

% hyperlinks:
\ifthenelse{\isundefined{\hypersetup}}{
  \usepackage[colorlinks=true,linkcolor=blue,urlcolor=blue]{hyperref}
  \usepackage{bookmark}
  \urlstyle{same} % normal text font (alternatives: tt, rm, sf)
}{}

%%% Body
\begin{document}

\begin{description}
\item[{term 1}] 
\DUrole{first}{\DUrole{last}{\DUrole{first}{\DUrole{last}{definition 1}}}}

\item[{term 2a}] 
\item[{term 2b}] 
\DUrole{first}{\DUrole{last}{\DUrole{first}{\DUrole{last}{definition 2}}}}

\item[{term 3a}] (\textbf{classifier 3a})
(\textbf{classifier 3aa})
\item[{term 3b}] (\textbf{classifier 3b})
\DUrole{first}{\DUrole{last}{\DUrole{first}{\DUrole{last}{definition 3}}}}
\end{description}

\end{document}
